test/static/wrong/duplicate3@kk(4, 3): kind error: Constructor static/wrong/duplicate3/Dup1 is already defined at (3, 3)