3test/cgen/javascript@kk(84, 3): type warning: Some branches in the match will never be reached: _